
   FAIL  Tests\Feature\OrderLockTest
  Γ¿» cannot update delivered order                                                                                1.08s  
  Γ¿» can update pending order                                                                                     0.02s  
  ΓöÇΓöÇΓöÇΓöÇΓöÇΓöÇΓöÇΓöÇΓöÇΓöÇΓöÇΓöÇΓöÇΓöÇΓöÇΓöÇΓöÇΓöÇΓöÇΓöÇΓöÇΓöÇΓöÇΓöÇΓöÇΓöÇΓöÇΓöÇΓöÇΓöÇΓöÇΓöÇΓöÇΓöÇΓöÇΓöÇΓöÇΓöÇΓöÇΓöÇΓöÇΓöÇΓöÇΓöÇΓöÇΓöÇΓöÇΓöÇΓöÇΓöÇΓöÇΓöÇΓöÇΓöÇΓöÇΓöÇΓöÇΓöÇΓöÇΓöÇΓöÇΓöÇΓöÇΓöÇΓöÇΓöÇΓöÇΓöÇΓöÇΓöÇΓöÇΓöÇΓöÇΓöÇΓöÇΓöÇΓöÇΓöÇΓöÇΓöÇΓöÇΓöÇΓöÇΓöÇΓöÇΓöÇΓöÇΓöÇΓöÇΓöÇΓöÇΓöÇΓöÇΓöÇΓöÇΓöÇΓöÇΓöÇΓöÇΓöÇΓöÇΓöÇΓöÇΓöÇΓöÇΓöÇΓöÇΓöÇΓöÇΓöÇΓöÇΓöÇΓöÇΓöÇΓöÇΓöÇ  
   FAILED  Tests\Feature\OrderLockTest > cannot update delivered order                                 QueryException   
  SQLSTATE[HY000]: General error: 1 table users has no column named name (Connection: sqlite, SQL: insert into "users" ("name", "email", "email_verified_at", "password", "remember_token", "role", "updated_at", "created_at") values (Francesca Ziemann, kjast@example.com, 2025-12-07 08:10:10, $2y$04$B3onqmiMbjbfd5kK31BTye6eRRTrarJeAXzn1TZAHZNRp.R/UKGCG, LRw6mbXPCp, admin, 2025-12-07 08:10:10, 2025-12-07 08:10:10))

  at vendor\laravel\framework\src\Illuminate\Database\Connection.php:564
    560Γûò             if ($this->pretending()) {
    561Γûò                 return true;
    562Γûò             }
    563Γûò 
  Γ₧£ 564Γûò             $statement = $this->getPdo()->prepare($query);
    565Γûò 
    566Γûò             $this->bindValues($statement, $this->prepareBindings($bindings));
    567Γûò 
    568Γûò             $this->recordsHaveBeenModified();

  1   vendor\laravel\framework\src\Illuminate\Database\Connection.php:564
  2   vendor\laravel\framework\src\Illuminate\Database\Connection.php:811

  ΓöÇΓöÇΓöÇΓöÇΓöÇΓöÇΓöÇΓöÇΓöÇΓöÇΓöÇΓöÇΓöÇΓöÇΓöÇΓöÇΓöÇΓöÇΓöÇΓöÇΓöÇΓöÇΓöÇΓöÇΓöÇΓöÇΓöÇΓöÇΓöÇΓöÇΓöÇΓöÇΓöÇΓöÇΓöÇΓöÇΓöÇΓöÇΓöÇΓöÇΓöÇΓöÇΓöÇΓöÇΓöÇΓöÇΓöÇΓöÇΓöÇΓöÇΓöÇΓöÇΓöÇΓöÇΓöÇΓöÇΓöÇΓöÇΓöÇΓöÇΓöÇΓöÇΓöÇΓöÇΓöÇΓöÇΓöÇΓöÇΓöÇΓöÇΓöÇΓöÇΓöÇΓöÇΓöÇΓöÇΓöÇΓöÇΓöÇΓöÇΓöÇΓöÇΓöÇΓöÇΓöÇΓöÇΓöÇΓöÇΓöÇΓöÇΓöÇΓöÇΓöÇΓöÇΓöÇΓöÇΓöÇΓöÇΓöÇΓöÇΓöÇΓöÇΓöÇΓöÇΓöÇΓöÇΓöÇΓöÇΓöÇΓöÇΓöÇΓöÇΓöÇΓöÇΓöÇΓöÇ  
   FAILED  Tests\Feature\OrderLockTest > can update pending order                                      QueryException   
  SQLSTATE[HY000]: General error: 1 table users has no column named name (Connection: sqlite, SQL: insert into "users" ("name", "email", "email_verified_at", "password", "remember_token", "role", "updated_at", "created_at") values (Ephraim Hahn, rod70@example.com, 2025-12-07 08:10:10, $2y$04$B3onqmiMbjbfd5kK31BTye6eRRTrarJeAXzn1TZAHZNRp.R/UKGCG, 1sf3grHMP0, admin, 2025-12-07 08:10:10, 2025-12-07 08:10:10))

  at vendor\laravel\framework\src\Illuminate\Database\Connection.php:564
    560Γûò             if ($this->pretending()) {
    561Γûò                 return true;
    562Γûò             }
    563Γûò 
  Γ₧£ 564Γûò             $statement = $this->getPdo()->prepare($query);
    565Γûò 
    566Γûò             $this->bindValues($statement, $this->prepareBindings($bindings));
    567Γûò 
    568Γûò             $this->recordsHaveBeenModified();

  1   vendor\laravel\framework\src\Illuminate\Database\Connection.php:564
  2   vendor\laravel\framework\src\Illuminate\Database\Connection.php:811


  Tests:    2 failed (0 assertions)
  Duration: 1.58s

